testdata/bad0000.cool:1:22: cannot extend ArrayAny
