-: wrong number of method arguments
testdata/bad0004.cool:1:7: (method is declared here)
