testdata/bad0005.cool:2:10: cannot declare attribute of type Nothing
