testdata/bad0003.cool:1:22: use of undeclared class Bad
