2 + 3 = 5
2 - 3 = -1
2 * 3 = 6
2 / 3 = 0
3 + 2 = 5
3 - 2 = 1
3 * 2 = 6
3 / 2 = 1
